Downloading Chrome Headless Shell https://www.remotion.dev/chrome-headless-shell
Customize this behavior by adding a onBrowserDownload function to openBrowser().
Downloading from: https://remotion.media/chromium-headless-shell-linux-x64-149.0.7790.0.zip?clear
Downloading Chrome Headless Shell - 9.5 Mb/91.9 Mb
Downloading Chrome Headless Shell - 19.1 Mb/91.9 Mb
Downloading Chrome Headless Shell - 28.6 Mb/91.9 Mb
Downloading Chrome Headless Shell - 38.2 Mb/91.9 Mb
Downloading Chrome Headless Shell - 47.7 Mb/91.9 Mb
Downloading Chrome Headless Shell - 57.3 Mb/91.9 Mb
Downloading Chrome Headless Shell - 66.8 Mb/91.9 Mb
Downloading Chrome Headless Shell - 76.4 Mb/91.9 Mb
Downloading Chrome Headless Shell - 85.9 Mb/91.9 Mb
Downloading Chrome Headless Shell - 91.9 Mb/91.9 Mb
still 1.4
still 4.4
still 7.4
still 10.4
still 13.4
still 16.4
still 19.4
still 22.4
still 25.4
still 28.4
still 31.4
still 34.4
still 37.4
still 40.4
still 43.4
still 46.4
still 49.4
still 52.4
still 55.4
still 58.4
still 61.4
still 64.4
still 67.4
still 70.4
still 73.4
still 76.4
still 79.4
still 82.4
still 85.4
still 88.4
still 91.4
still 94.4
still 97.4
still 100.4
still 103.4
still 106.4
still 109.4
still 112.4
still 115.4
still 118.4
still 121.4
still 124.4
still 127.4
still 130.4
still 133.4
still 136.4
still 139.4
still 142.4
still 145.4
still 148.4
still 151.4
still 154.4
still 157.4
done 53
exit ok=1
